  Geri yüklenecek projeler belirleniyor...
  Geri yükleme için tüm projeler güncel.
C:\Program Files\dotnet\sdk\9.0.203\Microsoft.Common.CurrentVersion.targets(5364,5): warning MSB3026: "C:\Users\Fatma\source\repos\ArıtmaEnvanter\ArıtmaEnvanter\obj\Debug\net8.0\apphost.exe", "bin\Debug\net8.0\ArıtmaEnvanter.exe" üzerine kopyalanamadı. 1 numaralı yeniden denemeye 1000 ms içinde başlanacak. The process cannot access the file 'C:\Users\Fatma\source\repos\ArıtmaEnvanter\ArıtmaEnvanter\bin\Debug\net8.0\ArıtmaEnvanter.exe' because it is being used by another process. Dosya şunun tarafından kilitlendi: "ArıtmaEnvanter (9852)" [C:\Users\Fatma\source\repos\ArıtmaEnvanter\ArıtmaEnvanter\ArıtmaEnvanter.csproj]
C:\Program Files\dotnet\sdk\9.0.203\Microsoft.Common.CurrentVersion.targets(5364,5): warning MSB3026: "C:\Users\Fatma\source\repos\ArıtmaEnvanter\ArıtmaEnvanter\obj\Debug\net8.0\apphost.exe", "bin\Debug\net8.0\ArıtmaEnvanter.exe" üzerine kopyalanamadı. 2 numaralı yeniden denemeye 1000 ms içinde başlanacak. The process cannot access the file 'C:\Users\Fatma\source\repos\ArıtmaEnvanter\ArıtmaEnvanter\bin\Debug\net8.0\ArıtmaEnvanter.exe' because it is being used by another process. Dosya şunun tarafından kilitlendi: "ArıtmaEnvanter (9852)" [C:\Users\Fatma\source\repos\ArıtmaEnvanter\ArıtmaEnvanter\ArıtmaEnvanter.csproj]
C:\Program Files\dotnet\sdk\9.0.203\Microsoft.Common.CurrentVersion.targets(5364,5): warning MSB3026: "C:\Users\Fatma\source\repos\ArıtmaEnvanter\ArıtmaEnvanter\obj\Debug\net8.0\apphost.exe", "bin\Debug\net8.0\ArıtmaEnvanter.exe" üzerine kopyalanamadı. 3 numaralı yeniden denemeye 1000 ms içinde başlanacak. The process cannot access the file 'C:\Users\Fatma\source\repos\ArıtmaEnvanter\ArıtmaEnvanter\bin\Debug\net8.0\ArıtmaEnvanter.exe' because it is being used by another process. Dosya şunun tarafından kilitlendi: "ArıtmaEnvanter (9852)" [C:\Users\Fatma\source\repos\ArıtmaEnvanter\ArıtmaEnvanter\ArıtmaEnvanter.csproj]
C:\Program Files\dotnet\sdk\9.0.203\Microsoft.Common.CurrentVersion.targets(5364,5): warning MSB3026: "C:\Users\Fatma\source\repos\ArıtmaEnvanter\ArıtmaEnvanter\obj\Debug\net8.0\apphost.exe", "bin\Debug\net8.0\ArıtmaEnvanter.exe" üzerine kopyalanamadı. 4 numaralı yeniden denemeye 1000 ms içinde başlanacak. The process cannot access the file 'C:\Users\Fatma\source\repos\ArıtmaEnvanter\ArıtmaEnvanter\bin\Debug\net8.0\ArıtmaEnvanter.exe' because it is being used by another process. Dosya şunun tarafından kilitlendi: "ArıtmaEnvanter (9852)" [C:\Users\Fatma\source\repos\ArıtmaEnvanter\ArıtmaEnvanter\ArıtmaEnvanter.csproj]
C:\Program Files\dotnet\sdk\9.0.203\Microsoft.Common.CurrentVersion.targets(5364,5): warning MSB3026: "C:\Users\Fatma\source\repos\ArıtmaEnvanter\ArıtmaEnvanter\obj\Debug\net8.0\apphost.exe", "bin\Debug\net8.0\ArıtmaEnvanter.exe" üzerine kopyalanamadı. 5 numaralı yeniden denemeye 1000 ms içinde başlanacak. The process cannot access the file 'C:\Users\Fatma\source\repos\ArıtmaEnvanter\ArıtmaEnvanter\bin\Debug\net8.0\ArıtmaEnvanter.exe' because it is being used by another process. Dosya şunun tarafından kilitlendi: "ArıtmaEnvanter (9852)" [C:\Users\Fatma\source\repos\ArıtmaEnvanter\ArıtmaEnvanter\ArıtmaEnvanter.csproj]
C:\Program Files\dotnet\sdk\9.0.203\Microsoft.Common.CurrentVersion.targets(5364,5): warning MSB3026: "C:\Users\Fatma\source\repos\ArıtmaEnvanter\ArıtmaEnvanter\obj\Debug\net8.0\apphost.exe", "bin\Debug\net8.0\ArıtmaEnvanter.exe" üzerine kopyalanamadı. 6 numaralı yeniden denemeye 1000 ms içinde başlanacak. The process cannot access the file 'C:\Users\Fatma\source\repos\ArıtmaEnvanter\ArıtmaEnvanter\bin\Debug\net8.0\ArıtmaEnvanter.exe' because it is being used by another process. Dosya şunun tarafından kilitlendi: "ArıtmaEnvanter (9852)" [C:\Users\Fatma\source\repos\ArıtmaEnvanter\ArıtmaEnvanter\ArıtmaEnvanter.csproj]
C:\Program Files\dotnet\sdk\9.0.203\Microsoft.Common.CurrentVersion.targets(5364,5): warning MSB3026: "C:\Users\Fatma\source\repos\ArıtmaEnvanter\ArıtmaEnvanter\obj\Debug\net8.0\apphost.exe", "bin\Debug\net8.0\ArıtmaEnvanter.exe" üzerine kopyalanamadı. 7 numaralı yeniden denemeye 1000 ms içinde başlanacak. The process cannot access the file 'C:\Users\Fatma\source\repos\ArıtmaEnvanter\ArıtmaEnvanter\bin\Debug\net8.0\ArıtmaEnvanter.exe' because it is being used by another process. Dosya şunun tarafından kilitlendi: "ArıtmaEnvanter (9852)" [C:\Users\Fatma\source\repos\ArıtmaEnvanter\ArıtmaEnvanter\ArıtmaEnvanter.csproj]
C:\Program Files\dotnet\sdk\9.0.203\Microsoft.Common.CurrentVersion.targets(5364,5): warning MSB3026: "C:\Users\Fatma\source\repos\ArıtmaEnvanter\ArıtmaEnvanter\obj\Debug\net8.0\apphost.exe", "bin\Debug\net8.0\ArıtmaEnvanter.exe" üzerine kopyalanamadı. 8 numaralı yeniden denemeye 1000 ms içinde başlanacak. The process cannot access the file 'C:\Users\Fatma\source\repos\ArıtmaEnvanter\ArıtmaEnvanter\bin\Debug\net8.0\ArıtmaEnvanter.exe' because it is being used by another process. Dosya şunun tarafından kilitlendi: "ArıtmaEnvanter (9852)" [C:\Users\Fatma\source\repos\ArıtmaEnvanter\ArıtmaEnvanter\ArıtmaEnvanter.csproj]
C:\Program Files\dotnet\sdk\9.0.203\Microsoft.Common.CurrentVersion.targets(5364,5): warning MSB3026: "C:\Users\Fatma\source\repos\ArıtmaEnvanter\ArıtmaEnvanter\obj\Debug\net8.0\apphost.exe", "bin\Debug\net8.0\ArıtmaEnvanter.exe" üzerine kopyalanamadı. 9 numaralı yeniden denemeye 1000 ms içinde başlanacak. The process cannot access the file 'C:\Users\Fatma\source\repos\ArıtmaEnvanter\ArıtmaEnvanter\bin\Debug\net8.0\ArıtmaEnvanter.exe' because it is being used by another process. Dosya şunun tarafından kilitlendi: "ArıtmaEnvanter (9852)" [C:\Users\Fatma\source\repos\ArıtmaEnvanter\ArıtmaEnvanter\ArıtmaEnvanter.csproj]
C:\Program Files\dotnet\sdk\9.0.203\Microsoft.Common.CurrentVersion.targets(5364,5): warning MSB3026: "C:\Users\Fatma\source\repos\ArıtmaEnvanter\ArıtmaEnvanter\obj\Debug\net8.0\apphost.exe", "bin\Debug\net8.0\ArıtmaEnvanter.exe" üzerine kopyalanamadı. 10 numaralı yeniden denemeye 1000 ms içinde başlanacak. The process cannot access the file 'C:\Users\Fatma\source\repos\ArıtmaEnvanter\ArıtmaEnvanter\bin\Debug\net8.0\ArıtmaEnvanter.exe' because it is being used by another process. Dosya şunun tarafından kilitlendi: "ArıtmaEnvanter (9852)" [C:\Users\Fatma\source\repos\ArıtmaEnvanter\ArıtmaEnvanter\ArıtmaEnvanter.csproj]
C:\Program Files\dotnet\sdk\9.0.203\Microsoft.Common.CurrentVersion.targets(5364,5): error MSB3027: "C:\Users\Fatma\source\repos\ArıtmaEnvanter\ArıtmaEnvanter\obj\Debug\net8.0\apphost.exe", "bin\Debug\net8.0\ArıtmaEnvanter.exe" üzerine kopyalanamadı. 10 yeniden deneme sayısı aşıldı. Başarısız oldu. Dosya şunun tarafından kilitlendi: "ArıtmaEnvanter (9852)" [C:\Users\Fatma\source\repos\ArıtmaEnvanter\ArıtmaEnvanter\ArıtmaEnvanter.csproj]
C:\Program Files\dotnet\sdk\9.0.203\Microsoft.Common.CurrentVersion.targets(5364,5): error MSB3021: "C:\Users\Fatma\source\repos\ArıtmaEnvanter\ArıtmaEnvanter\obj\Debug\net8.0\apphost.exe" dosyası "bin\Debug\net8.0\ArıtmaEnvanter.exe" üzerine kopyalanamıyor. The process cannot access the file 'C:\Users\Fatma\source\repos\ArıtmaEnvanter\ArıtmaEnvanter\bin\Debug\net8.0\ArıtmaEnvanter.exe' because it is being used by another process. [C:\Users\Fatma\source\repos\ArıtmaEnvanter\ArıtmaEnvanter\ArıtmaEnvanter.csproj]

Oluşturma BAŞARISIZ OLDU.

C:\Program Files\dotnet\sdk\9.0.203\Microsoft.Common.CurrentVersion.targets(5364,5): warning MSB3026: "C:\Users\Fatma\source\repos\ArıtmaEnvanter\ArıtmaEnvanter\obj\Debug\net8.0\apphost.exe", "bin\Debug\net8.0\ArıtmaEnvanter.exe" üzerine kopyalanamadı. 1 numaralı yeniden denemeye 1000 ms içinde başlanacak. The process cannot access the file 'C:\Users\Fatma\source\repos\ArıtmaEnvanter\ArıtmaEnvanter\bin\Debug\net8.0\ArıtmaEnvanter.exe' because it is being used by another process. Dosya şunun tarafından kilitlendi: "ArıtmaEnvanter (9852)" [C:\Users\Fatma\source\repos\ArıtmaEnvanter\ArıtmaEnvanter\ArıtmaEnvanter.csproj]
C:\Program Files\dotnet\sdk\9.0.203\Microsoft.Common.CurrentVersion.targets(5364,5): warning MSB3026: "C:\Users\Fatma\source\repos\ArıtmaEnvanter\ArıtmaEnvanter\obj\Debug\net8.0\apphost.exe", "bin\Debug\net8.0\ArıtmaEnvanter.exe" üzerine kopyalanamadı. 2 numaralı yeniden denemeye 1000 ms içinde başlanacak. The process cannot access the file 'C:\Users\Fatma\source\repos\ArıtmaEnvanter\ArıtmaEnvanter\bin\Debug\net8.0\ArıtmaEnvanter.exe' because it is being used by another process. Dosya şunun tarafından kilitlendi: "ArıtmaEnvanter (9852)" [C:\Users\Fatma\source\repos\ArıtmaEnvanter\ArıtmaEnvanter\ArıtmaEnvanter.csproj]
C:\Program Files\dotnet\sdk\9.0.203\Microsoft.Common.CurrentVersion.targets(5364,5): warning MSB3026: "C:\Users\Fatma\source\repos\ArıtmaEnvanter\ArıtmaEnvanter\obj\Debug\net8.0\apphost.exe", "bin\Debug\net8.0\ArıtmaEnvanter.exe" üzerine kopyalanamadı. 3 numaralı yeniden denemeye 1000 ms içinde başlanacak. The process cannot access the file 'C:\Users\Fatma\source\repos\ArıtmaEnvanter\ArıtmaEnvanter\bin\Debug\net8.0\ArıtmaEnvanter.exe' because it is being used by another process. Dosya şunun tarafından kilitlendi: "ArıtmaEnvanter (9852)" [C:\Users\Fatma\source\repos\ArıtmaEnvanter\ArıtmaEnvanter\ArıtmaEnvanter.csproj]
C:\Program Files\dotnet\sdk\9.0.203\Microsoft.Common.CurrentVersion.targets(5364,5): warning MSB3026: "C:\Users\Fatma\source\repos\ArıtmaEnvanter\ArıtmaEnvanter\obj\Debug\net8.0\apphost.exe", "bin\Debug\net8.0\ArıtmaEnvanter.exe" üzerine kopyalanamadı. 4 numaralı yeniden denemeye 1000 ms içinde başlanacak. The process cannot access the file 'C:\Users\Fatma\source\repos\ArıtmaEnvanter\ArıtmaEnvanter\bin\Debug\net8.0\ArıtmaEnvanter.exe' because it is being used by another process. Dosya şunun tarafından kilitlendi: "ArıtmaEnvanter (9852)" [C:\Users\Fatma\source\repos\ArıtmaEnvanter\ArıtmaEnvanter\ArıtmaEnvanter.csproj]
C:\Program Files\dotnet\sdk\9.0.203\Microsoft.Common.CurrentVersion.targets(5364,5): warning MSB3026: "C:\Users\Fatma\source\repos\ArıtmaEnvanter\ArıtmaEnvanter\obj\Debug\net8.0\apphost.exe", "bin\Debug\net8.0\ArıtmaEnvanter.exe" üzerine kopyalanamadı. 5 numaralı yeniden denemeye 1000 ms içinde başlanacak. The process cannot access the file 'C:\Users\Fatma\source\repos\ArıtmaEnvanter\ArıtmaEnvanter\bin\Debug\net8.0\ArıtmaEnvanter.exe' because it is being used by another process. Dosya şunun tarafından kilitlendi: "ArıtmaEnvanter (9852)" [C:\Users\Fatma\source\repos\ArıtmaEnvanter\ArıtmaEnvanter\ArıtmaEnvanter.csproj]
C:\Program Files\dotnet\sdk\9.0.203\Microsoft.Common.CurrentVersion.targets(5364,5): warning MSB3026: "C:\Users\Fatma\source\repos\ArıtmaEnvanter\ArıtmaEnvanter\obj\Debug\net8.0\apphost.exe", "bin\Debug\net8.0\ArıtmaEnvanter.exe" üzerine kopyalanamadı. 6 numaralı yeniden denemeye 1000 ms içinde başlanacak. The process cannot access the file 'C:\Users\Fatma\source\repos\ArıtmaEnvanter\ArıtmaEnvanter\bin\Debug\net8.0\ArıtmaEnvanter.exe' because it is being used by another process. Dosya şunun tarafından kilitlendi: "ArıtmaEnvanter (9852)" [C:\Users\Fatma\source\repos\ArıtmaEnvanter\ArıtmaEnvanter\ArıtmaEnvanter.csproj]
C:\Program Files\dotnet\sdk\9.0.203\Microsoft.Common.CurrentVersion.targets(5364,5): warning MSB3026: "C:\Users\Fatma\source\repos\ArıtmaEnvanter\ArıtmaEnvanter\obj\Debug\net8.0\apphost.exe", "bin\Debug\net8.0\ArıtmaEnvanter.exe" üzerine kopyalanamadı. 7 numaralı yeniden denemeye 1000 ms içinde başlanacak. The process cannot access the file 'C:\Users\Fatma\source\repos\ArıtmaEnvanter\ArıtmaEnvanter\bin\Debug\net8.0\ArıtmaEnvanter.exe' because it is being used by another process. Dosya şunun tarafından kilitlendi: "ArıtmaEnvanter (9852)" [C:\Users\Fatma\source\repos\ArıtmaEnvanter\ArıtmaEnvanter\ArıtmaEnvanter.csproj]
C:\Program Files\dotnet\sdk\9.0.203\Microsoft.Common.CurrentVersion.targets(5364,5): warning MSB3026: "C:\Users\Fatma\source\repos\ArıtmaEnvanter\ArıtmaEnvanter\obj\Debug\net8.0\apphost.exe", "bin\Debug\net8.0\ArıtmaEnvanter.exe" üzerine kopyalanamadı. 8 numaralı yeniden denemeye 1000 ms içinde başlanacak. The process cannot access the file 'C:\Users\Fatma\source\repos\ArıtmaEnvanter\ArıtmaEnvanter\bin\Debug\net8.0\ArıtmaEnvanter.exe' because it is being used by another process. Dosya şunun tarafından kilitlendi: "ArıtmaEnvanter (9852)" [C:\Users\Fatma\source\repos\ArıtmaEnvanter\ArıtmaEnvanter\ArıtmaEnvanter.csproj]
C:\Program Files\dotnet\sdk\9.0.203\Microsoft.Common.CurrentVersion.targets(5364,5): warning MSB3026: "C:\Users\Fatma\source\repos\ArıtmaEnvanter\ArıtmaEnvanter\obj\Debug\net8.0\apphost.exe", "bin\Debug\net8.0\ArıtmaEnvanter.exe" üzerine kopyalanamadı. 9 numaralı yeniden denemeye 1000 ms içinde başlanacak. The process cannot access the file 'C:\Users\Fatma\source\repos\ArıtmaEnvanter\ArıtmaEnvanter\bin\Debug\net8.0\ArıtmaEnvanter.exe' because it is being used by another process. Dosya şunun tarafından kilitlendi: "ArıtmaEnvanter (9852)" [C:\Users\Fatma\source\repos\ArıtmaEnvanter\ArıtmaEnvanter\ArıtmaEnvanter.csproj]
C:\Program Files\dotnet\sdk\9.0.203\Microsoft.Common.CurrentVersion.targets(5364,5): warning MSB3026: "C:\Users\Fatma\source\repos\ArıtmaEnvanter\ArıtmaEnvanter\obj\Debug\net8.0\apphost.exe", "bin\Debug\net8.0\ArıtmaEnvanter.exe" üzerine kopyalanamadı. 10 numaralı yeniden denemeye 1000 ms içinde başlanacak. The process cannot access the file 'C:\Users\Fatma\source\repos\ArıtmaEnvanter\ArıtmaEnvanter\bin\Debug\net8.0\ArıtmaEnvanter.exe' because it is being used by another process. Dosya şunun tarafından kilitlendi: "ArıtmaEnvanter (9852)" [C:\Users\Fatma\source\repos\ArıtmaEnvanter\ArıtmaEnvanter\ArıtmaEnvanter.csproj]
C:\Program Files\dotnet\sdk\9.0.203\Microsoft.Common.CurrentVersion.targets(5364,5): error MSB3027: "C:\Users\Fatma\source\repos\ArıtmaEnvanter\ArıtmaEnvanter\obj\Debug\net8.0\apphost.exe", "bin\Debug\net8.0\ArıtmaEnvanter.exe" üzerine kopyalanamadı. 10 yeniden deneme sayısı aşıldı. Başarısız oldu. Dosya şunun tarafından kilitlendi: "ArıtmaEnvanter (9852)" [C:\Users\Fatma\source\repos\ArıtmaEnvanter\ArıtmaEnvanter\ArıtmaEnvanter.csproj]
C:\Program Files\dotnet\sdk\9.0.203\Microsoft.Common.CurrentVersion.targets(5364,5): error MSB3021: "C:\Users\Fatma\source\repos\ArıtmaEnvanter\ArıtmaEnvanter\obj\Debug\net8.0\apphost.exe" dosyası "bin\Debug\net8.0\ArıtmaEnvanter.exe" üzerine kopyalanamıyor. The process cannot access the file 'C:\Users\Fatma\source\repos\ArıtmaEnvanter\ArıtmaEnvanter\bin\Debug\net8.0\ArıtmaEnvanter.exe' because it is being used by another process. [C:\Users\Fatma\source\repos\ArıtmaEnvanter\ArıtmaEnvanter\ArıtmaEnvanter.csproj]
    10 Uyarı
    2 Hata

Geçen Süre 00:00:12.69
